
> Ivr_System_Sengotics@0.0.1 test
> jest --passWithNoTests --forceExit

